     1                                  section .data
     2                                  
     3 00000000 496E74726F64752061-         rNum1 db "Introdu a",0xa,0
     3 00000009 0A00               
     4 0000000B 496E74726F64752062-         rNum2 db "Introdu b",0xa,0
     4 00000014 0A00               
     5                                  
     6 00000016 73756D61203D20256C-         suma db "suma = %ld",0xa,0
     6 0000001F 640A00             
     7 00000022 256C64                      scan db "%ld"
     8                                  
     9                                  section .bss
    10 00000000 ????????????????            a resq 1
    11                                  
    12 00000008 ????????????????            b resq 1
    13                                  
    14                                  section .text
    15                                      extern printf
    16                                      extern scanf
    17                                  
    18                                      global main
    19                                  main:
    20 00000000 C8000000                    enter 0,0
    21 00000004 55                          push rbp
    22 00000005 4889E5                      mov rbp, rsp
    23                                  
    24 00000008 48BF-                       mov rdi, rNum1
    24 0000000A [0000000000000000] 
    25 00000012 B800000000                  mov rax, 0
    26 00000017 E8(00000000)                call printf
    27                                  
    28 0000001C 48BF-                       mov rdi, scan
    28 0000001E [2200000000000000] 
    29 00000026 48BE-                       mov rsi, a
    29 00000028 [0000000000000000] 
    30 00000030 B800000000                  mov rax, 0
    31 00000035 E8(00000000)                call scanf
    32                                  
    33 0000003A 48BF-                       mov rdi, rNum2
    33 0000003C [0B00000000000000] 
    34 00000044 B800000000                  mov rax, 0
    35 00000049 E8(00000000)                call printf
    36                                  
    37 0000004E 48BF-                       mov rdi, scan
    37 00000050 [2200000000000000] 
    38 00000058 48BE-                       mov rsi, b
    38 0000005A [0800000000000000] 
    39 00000062 B800000000                  mov rax, 0
    40 00000067 E8(00000000)                call scanf
    41                                  
    42 0000006C 488B0C25[00000000]          mov rcx, [a]
    43 00000074 48030C25[08000000]          add rcx, [b]
    44                                  
    45 0000007C BA00000000                  mov rdx, 0
    46 00000081 4889C8                      mov rax, rcx
    47 00000084 48C7C102000000              mov rcx, dword 2
    48                                  
    49 0000008B 48F7F1                      div rcx
    50                                  
    51 0000008E 4889C1                      mov rcx, rax
    52                                  
    53 00000091 48BF-                       mov rdi, suma
    53 00000093 [1600000000000000] 
    54 0000009B 4889CE                      mov rsi, rcx
    55 0000009E B800000000                  mov rax, 0
    56 000000A3 E8(00000000)                call printf
    57                                  
    58                                      ExitProgram:
    59                                  
    60 000000A8 4889EC                      mov rsp, rbp
    61 000000AB 5D                          pop rbp
    62 000000AC B83C000000                  mov rax, 60
    63 000000B1 BF00000000                  mov rdi, 0
    64 000000B6 0F05                        syscall
    65                                  
    66                                  
    67                                  
