     1                                  section .data
     2 00000000 256C66                      format_float db "%lf"
     3 00000003 526573756C743A2025-         format_output db "Result: %lf",0xa,0
     3 0000000C 6C660A00           
     4                                  
     5 00000010 0000000000888D40            C1 dq 945.0
     6 00000018 0000000000A067C0            C2 dq -189.0
     7 00000020 0000000000003540            C3 dq 21.0
     8 00000028 0000000000000040            C4 dq 2.0
     9                                  
    10 00000030 000000000000F0BF            NEG_1 dq -1.0
    11                                  
    12                                  
    13                                  section .bss
    14                                      
    15 00000000 ????????????????            numerator resq 1
    16 00000008 ????????????????            numitor resq 1
    17 00000010 ????????????????            x resq 1
    18                                  section .text
    19                                      extern printf, scanf
    20                                      global main
    21                                  
    22                                      main:
    23                                  
    24 00000000 55                          push rbp
    25 00000001 4889E5                      mov rbp, rsp
    26                                  
    27 00000004 48BF-                       mov rdi, format_float
    27 00000006 [0000000000000000] 
    28 0000000E B801000000                  mov rax, 1
    29 00000013 E8(00000000)                call scanf
    30 00000018 F20F110425-                 movsd [x], xmm0
    30 0000001D [10000000]         
    31                                  
    32                                      ; calculam numaratorul in xmm0
    33 00000021 F20F100425-                 movsd xmm0, [x]
    33 00000026 [10000000]         
    34                                  
    35                                      ; x^2
    36 0000002A F20F100C25-                 movsd xmm1, [x]
    36 0000002F [10000000]         
    37 00000033 F20F59C1                    mulsd xmm0, xmm1
    38                                      
    39                                      ; 2 * x^2
    40 00000037 F20F100C25-                 movsd xmm1, [C4]
    40 0000003C [28000000]         
    41 00000040 F20F59C1                    mulsd xmm0, xmm1
    42                                  
    43                                      ; 21 + 2 * x ^ 2
    44 00000044 F20F100C25-                 movsd xmm1, [C3]
    44 00000049 [20000000]         
    45 0000004D F20F58C1                    addsd xmm0, xmm1
    46                                  
    47                                      ; x * (21 + 2 * x ^ 2)
    48 00000051 F20F100C25-                 movsd xmm1, [x]
    48 00000056 [10000000]         
    49 0000005A F20F59C1                    mulsd xmm0, xmm1
    50                                  
    51                                      ; x ^ 2 * (21 + 2 * x ^ 2)
    52 0000005E F20F100C25-                 movsd xmm1, [x]
    52 00000063 [10000000]         
    53 00000067 F20F59C1                    mulsd xmm0, xmm1
    54                                  
    55                                      ; - x ^ 2 * (21 + 2 * x ^ 2)
    56 0000006B F20F100C25-                 movsd xmm1, [NEG_1]
    56 00000070 [30000000]         
    57 00000074 F20F59C1                    mulsd xmm0, xmm1
    58                                  
    59                                      ; -189 - x ^ 2 * (21 + 2 * x ^ 2)
    60 00000078 F20F100C25-                 movsd xmm1, [C2]
    60 0000007D [18000000]         
    61 00000081 F20F58C1                    addsd xmm0, xmm1
    62                                  
    63                                      ; x * ( -189 - x ^ 2 * (21 + 2 * x ^ 2))
    64 00000085 F20F100C25-                 movsd xmm1, [x]
    64 0000008A [10000000]         
    65 0000008E F20F59C1                    mulsd xmm0, xmm1
    66                                  
    67                                      ; x ^ 2 * ( -189 - x ^ 2 * (21 + 2 * x ^ 2))
    68 00000092 F20F100C25-                 movsd xmm1, [x]
    68 00000097 [10000000]         
    69 0000009B F20F59C1                    mulsd xmm0, xmm1
    70                                  
    71                                      ; 945 + x ^ 2 * ( -189 - x ^ 2 * (21 + 2 * x ^ 2))
    72 0000009F F20F100C25-                 movsd xmm1, [C1]
    72 000000A4 [10000000]         
    73 000000A8 F20F58C1                    addsd xmm0, xmm1
    74                                  
    75 000000AC F20F110425-                 movsd [numerator], xmm0
    75 000000B1 [00000000]         
    76                                  
    77 000000B5 F20F100425-                 movsd xmm0, [x]
    77 000000BA [10000000]         
    78                                      ; 945 * x
    79 000000BE F20F100C25-                 movsd xmm1, [C1]
    79 000000C3 [10000000]         
    80 000000C7 F20F59C1                    mulsd xmm0, xmm1
    81                                  
    82 000000CB F20F110425-                 movsd [numitor], xmm0
    82 000000D0 [08000000]         
    83                                  
    84                                      ; calculez fractia
    85 000000D4 F20F100425-                 movsd xmm0, [numerator]
    85 000000D9 [00000000]         
    86 000000DD F20F100C25-                 movsd xmm1, [numitor]
    86 000000E2 [08000000]         
    87                                  
    88 000000E6 F20F5EC1                    divsd xmm0, xmm1
    89                                  
    90 000000EA 48BF-                       mov rdi, format_output
    90 000000EC [0300000000000000] 
    91 000000F4 B801000000                  mov rax,1
    92 000000F9 E8(00000000)                call printf
    93                                  
    94 000000FE 4883C410                    add rsp, 16
    95                                      
    96 00000102 4889EC                      mov rsp, rbp
    97 00000105 B83C000000                  mov eax, 60
    98 0000010A 31FF                        xor edi, edi
    99 0000010C 0F05                        syscall
   100                                  
